import gurobipy as gp
from gurobipy import GRB

vehicle_types = [
    'Sedans',
    'SUVs',
    'Electric Vehicles',
    'Hybrid Vehicles',
    'Trucks',
    'Sports Cars',
    'Compact Cars',
    'Luxury Sedans',
    'Vans',
    'Pickup Trucks'
]

benefit = {
    'Sedans': 1200,
    'SUVs': 1800,
    'Electric Vehicles': 2500,
    'Hybrid Vehicles': 2000,
    'Trucks': 1500,
    'Sports Cars': 3000,
    'Compact Cars': 1000,
    'Luxury Sedans': 3500,
    'Vans': 1600,
    'Pickup Trucks': 1700
}

capacity = {
    'Sedans': 100,
    'SUVs': 80,
    'Electric Vehicles': 120,
    'Hybrid Vehicles': 90,
    'Trucks': 50,
    'Sports Cars': 30,
    'Compact Cars': 110,
    'Luxury Sedans': 40,
    'Vans': 60,
    'Pickup Trucks': 35
}

# Validate data coverage
if set(vehicle_types) != set(benefit.keys()) or set(vehicle_types) != set(capacity.keys()):
    raise ValueError("Mismatch in vehicle_types, benefit, or capacity keys.")

m = gp.Model('Car_Dealership_Inventory')
x = m.addVars(vehicle_types, lb=0, vtype=GRB.INTEGER, name='x')

m.setObjective(gp.quicksum(benefit[v] * x[v] for v in vehicle_types), GRB.MAXIMIZE)

m.addConstrs((x[v] <= capacity[v] for v in vehicle_types), name='inventory_limit')

m.Params.MIPGap = 1e-4
m.optimize()

if m.Status == GRB.OPTIMAL:
    print(f'ObjVal: {m.ObjVal}')
    for var in m.getVars():
        print(f'{var.VarName}: {var.X}')
else:
    print(f'Solver status: {m.Status}')
Set parameter MIPGap to value 0.0001
Gurobi Optimizer version 12.0.1 build v12.0.1rc0 (mac64[arm] - Darwin 24.6.0 24G90)

CPU model: Apple M3
Thread count: 8 physical cores, 8 logical processors, using up to 8 threads

Optimize a model with 10 rows, 10 columns and 10 nonzeros
Model fingerprint: 0xa0e6a2dc
Variable types: 0 continuous, 10 integer (0 binary)
Coefficient statistics:
  Matrix range     [1e+00, 1e+00]
  Objective range  [1e+03, 4e+03]
  Bounds range     [0e+00, 0e+00]
  RHS range        [3e+01, 1e+02]
Found heuristic solution: objective 1314500.0000
Presolve removed 10 rows and 10 columns
Presolve time: 0.00s
Presolve: All rows and columns removed

Explored 0 nodes (0 simplex iterations) in 0.00 seconds (0.00 work units)
Thread count was 1 (of 8 available processors)

Solution count 1: 1.3145e+06 

Optimal solution found (tolerance 1.00e-04)
Best objective 1.314500000000e+06, best bound 1.314500000000e+06, gap 0.0000%
ObjVal: 1314500.0
C0: 100.0
C1: 80.0
C2: 120.0
C3: 90.0
C4: 50.0
C5: 30.0
C6: 110.0
C7: 40.0
C8: 60.0
C9: 35.0
Optimal objective: 1314500.0
Optimal solution: [('C0', 100.0), ('C1', 80.0), ('C2', 120.0), ('C3', 90.0), ('C4', 50.0), ('C5', 30.0), ('C6', 110.0), ('C7', 40.0), ('C8', 60.0), ('C9', 35.0)]
