import gurobipy as gp
from gurobipy import GRB

# Data
products = [
    'NSAIDs',
    'Antirheumatic Drugs',
    'Acetic Acid Derivatives',
    'Antibiotics',
    'Antiviral Drugs',
    'Antifungal Agents',
    'Antidepressants',
    'Antipsychotics',
    'Antihistamines',
    'Corticosteroids',
    'Beta Blockers',
    'Calcium Channel Blockers',
    'ACE Inhibitors',
    'Angiotensin II Receptor Blockers',
    'Diuretics',
    'Statins',
    'Insulin',
    'Anticoagulants',
    'Antiepileptic Drugs',
    'Antiemetics'
]

value = {
    'NSAIDs': 250,
    'Antirheumatic Drugs': 178,
    'Acetic Acid Derivatives': 313,
    'Antibiotics': 301,
    'Antiviral Drugs': 425,
    'Antifungal Agents': 260,
    'Antidepressants': 848,
    'Antipsychotics': 934,
    'Antihistamines': 114,
    'Corticosteroids': 1357,
    'Beta Blockers': 156,
    'Calcium Channel Blockers': 1780,
    'ACE Inhibitors': 695,
    'Angiotensin II Receptor Blockers': 405,
    'Diuretics': 320,
    'Statins': 320,
    'Insulin': 1357,
    'Anticoagulants': 1357,
    'Antiepileptic Drugs': 405,
    'Antiemetics': 998
}

weight = {
    'NSAIDs': 913,
    'Antirheumatic Drugs': 754,
    'Acetic Acid Derivatives': 428,
    'Antibiotics': 711,
    'Antiviral Drugs': 350,
    'Antifungal Agents': 159,
    'Antidepressants': 353,
    'Antipsychotics': 291,
    'Antihistamines': 302,
    'Corticosteroids': 50,
    'Beta Blockers': 250,
    'Calcium Channel Blockers': 178,
    'ACE Inhibitors': 313,
    'Angiotensin II Receptor Blockers': 378,
    'Diuretics': 94,
    'Statins': 97,
    'Insulin': 470,
    'Anticoagulants': 341,
    'Antiepileptic Drugs': 121,
    'Antiemetics': 61
}

capacity = 520

# Validate data coverage
if set(value.keys()) != set(products):
    raise ValueError("Value data missing for some products.")
if set(weight.keys()) != set(products):
    raise ValueError("Weight data missing for some products.")

# Model
m = gp.Model('pharmacy_inventory')
x = m.addVars(products, lb=0, vtype=GRB.INTEGER, name='x')

m.setObjective(gp.quicksum(value[p] * x[p] for p in products), GRB.MAXIMIZE)

m.addConstr(gp.quicksum(weight[p] * x[p] for p in products) <= capacity, name='stock_capacity')

m.Params.MIPGap = 1e-4
m.optimize()

if m.Status == GRB.OPTIMAL:
    print(f'ObjVal: {m.ObjVal}')
    for var in m.getVars():
        print(f'{var.VarName}: {var.X}')
else:
    print(f'Solver status: {m.Status}')
Set parameter MIPGap to value 0.0001
Gurobi Optimizer version 12.0.1 build v12.0.1rc0 (mac64[arm] - Darwin 24.6.0 24G90)

CPU model: Apple M3
Thread count: 8 physical cores, 8 logical processors, using up to 8 threads

Optimize a model with 1 rows, 20 columns and 20 nonzeros
Model fingerprint: 0x364cdb09
Variable types: 0 continuous, 20 integer (0 binary)
Coefficient statistics:
  Matrix range     [5e+01, 9e+02]
  Objective range  [1e+02, 2e+03]
  Bounds range     [0e+00, 0e+00]
  RHS range        [5e+02, 5e+02]
Found heuristic solution: objective 1670.0000000
Presolve removed 1 rows and 20 columns
Presolve time: 0.00s
Presolve: All rows and columns removed

Explored 0 nodes (0 simplex iterations) in 0.00 seconds (0.00 work units)
Thread count was 1 (of 8 available processors)

Solution count 2: 13570 1670 

Optimal solution found (tolerance 1.00e-04)
Best objective 1.357000000000e+04, best bound 1.357000000000e+04, gap 0.0000%
ObjVal: 13570.0
C0: 0.0
C1: 0.0
C2: -0.0
C3: 0.0
C4: -0.0
C5: -0.0
C6: -0.0
C7: -0.0
C8: -0.0
C9: 10.0
C10: -0.0
C11: 0.0
C12: -0.0
C13: -0.0
C14: -0.0
C15: -0.0
C16: -0.0
C17: -0.0
C18: -0.0
C19: -0.0
Optimal objective: 13570.0
Optimal solution: [('C0', 0.0), ('C1', 0.0), ('C2', -0.0), ('C3', 0.0), ('C4', -0.0), ('C5', -0.0), ('C6', -0.0), ('C7', -0.0), ('C8', -0.0), ('C9', 10.0), ('C10', -0.0), ('C11', 0.0), ('C12', -0.0), ('C13', -0.0), ('C14', -0.0), ('C15', -0.0), ('C16', -0.0), ('C17', -0.0), ('C18', -0.0), ('C19', -0.0)]
