import gurobipy as gp
from gurobipy import GRB

plants = ['S1', 'S2', 'S3', 'S4']
outlets = ['C1', 'C2', 'C3', 'C4']

demand = {
    'C1': 94,
    'C2': 39,
    'C3': 65,
    'C4': 435
}

supply_capacity = {
    'S1': 2531,
    'S2': 20,
    'S3': 210,
    'S4': 241
}

cost = {
    'S1': {
        'C1': 543.756480860856,
        'C2': 23.685276141764653,
        'C3': 23.676386730773032,
        'C4': 447.75143678673766
    },
    'S2': {
        'C1': 883.9151090405642,
        'C2': 0.04977684765576961,
        'C3': 0.0350986687216299,
        'C4': 44.45588531711622
    },
    'S3': {
        'C1': 537.3456896658107,
        'C2': 23.769274659075112,
        'C3': 498.95659249465467,
        'C4': 440.60737890439776
    },
    'S4': {
        'C1': 1791.493192397229,
        'C2': 68.21633865655126,
        'C3': 1432.4837339656747,
        'C4': 1527.7635425462734
    }
}

# Validate data coverage
for i in plants:
    if i not in cost or i not in supply_capacity:
        raise ValueError(f"Missing cost or supply_capacity data for plant {i}")
    for j in outlets:
        if j not in cost[i]:
            raise ValueError(f"Missing cost data for plant {i}, outlet {j}")
for j in outlets:
    if j not in demand:
        raise ValueError(f"Missing demand data for outlet {j}")

m = gp.Model('BrewCo_Transportation')
x = m.addVars(plants, outlets, lb=0, vtype=GRB.CONTINUOUS, name='x')

m.setObjective(
    gp.quicksum(cost[i][j] * x[i, j] for i in plants for j in outlets),
    GRB.MINIMIZE
)

m.addConstrs(
    (gp.quicksum(x[i, j] for i in plants) >= demand[j] for j in outlets),
    name='demand'
)

m.addConstrs(
    (gp.quicksum(x[i, j] for j in outlets) <= supply_capacity[i] for i in plants),
    name='supply'
)

m.Params.MIPGap = 1e-4
m.optimize()

if m.Status == GRB.OPTIMAL:
    print(f'ObjVal: {m.ObjVal}')
    for var in m.getVars():
        print(f'{var.VarName}: {var.X}')
else:
    print(f'Solver status: {m.Status}')
Set parameter MIPGap to value 0.0001
Gurobi Optimizer version 12.0.1 build v12.0.1rc0 (mac64[arm] - Darwin 24.6.0 24G90)

CPU model: Apple M3
Thread count: 8 physical cores, 8 logical processors, using up to 8 threads

Optimize a model with 8 rows, 16 columns and 32 nonzeros
Model fingerprint: 0x26774572
Coefficient statistics:
  Matrix range     [1e+00, 1e+00]
  Objective range  [4e-02, 2e+03]
  Bounds range     [0e+00, 0e+00]
  RHS range        [2e+01, 3e+03]
Presolve time: 0.00s
Presolved: 8 rows, 16 columns, 32 nonzeros

Iteration    Objective       Primal Inf.    Dual Inf.      Time
       0    0.0000000e+00   6.330000e+02   0.000000e+00      0s
       8    2.3878151e+05   0.000000e+00   0.000000e+00      0s

Solved in 8 iterations and 0.00 seconds (0.00 work units)
Optimal objective  2.387815119e+05
ObjVal: 238781.5119254966
C0: 94.0
C1: 39.0
C2: 65.0
C3: 205.0
C4: 0.0
C5: 0.0
C6: 0.0
C7: 20.0
C8: 0.0
C9: 0.0
C10: 0.0
C11: 210.0
C12: 0.0
C13: 0.0
C14: 0.0
C15: 0.0
Optimal objective: 238781.5119254966
Optimal solution: [('C0', 94.0), ('C1', 39.0), ('C2', 65.0), ('C3', 205.0), ('C4', 0.0), ('C5', 0.0), ('C6', 0.0), ('C7', 20.0), ('C8', 0.0), ('C9', 0.0), ('C10', 0.0), ('C11', 210.0), ('C12', 0.0), ('C13', 0.0), ('C14', 0.0), ('C15', 0.0)]
