import gurobipy as gp
from gurobipy import GRB

def solve_problem():
    # Extract data from CSVQA_DATA
    data = CSVQA_DATA

    # Get capacity from file_0_view_0
    cap_table = None
    for t in data["tables"]:
        if t["table_id"] == "file_0_view_0":
            cap_table = t
            break
    if cap_table is None:
        raise ValueError("Capacity table not found")
    if len(cap_table["records"]) != 1:
        raise ValueError("Expected exactly one capacity record")
    C_str = cap_table["records"][0]["values"]["Capacity"]
    try:
        C = float(C_str)
    except Exception:
        raise ValueError(f"Invalid capacity value: {C_str}")

    # Get products and parameters from file_1_view_0
    prod_table = None
    for t in data["tables"]:
        if t["table_id"] == "file_1_view_0":
            prod_table = t
            break
    if prod_table is None:
        raise ValueError("Products table not found")
    products = []
    v = {}
    w = {}
    for rec in prod_table["records"]:
        pname = rec["values"]["ProductName"]
        v_str = rec["values"]["Value"]
        w_str = rec["values"]["Weight"]
        try:
            v_i = float(v_str)
            w_i = float(w_str)
        except Exception:
            raise ValueError(f"Invalid value/weight for {pname}: {v_str}, {w_str}")
        products.append(pname)
        v[pname] = v_i
        w[pname] = w_i

    # Validate all products have v and w
    if set(products) != set(v.keys()) or set(products) != set(w.keys()):
        raise ValueError("Mismatch in product indices and parameter keys")

    # Build model
    m = gp.Model()
    # Decision variables: x_i >= 0, integer
    x = m.addVars(products, lb=0, vtype=GRB.INTEGER, name='', obj=0)

    # Objective: maximize sum_i v_i * x_i
    m.setObjective(gp.quicksum(v[i] * x[i] for i in products), GRB.MAXIMIZE)

    # Constraint: sum_i w_i * x_i <= C
    m.addConstr(gp.quicksum(w[i] * x[i] for i in products) <= C, name='')

    # Set MIPGap
    m.Params.MIPGap = 1e-4

    m.optimize()

    if m.Status == GRB.OPTIMAL:
        print(m.ObjVal)
        for i in products:
            print(x[i].VarName, x[i].X)
    else:
        print(m.Status)

    return m

m = solve_problem()
Set parameter MIPGap to value 0.0001
Gurobi Optimizer version 12.0.1 build v12.0.1rc0 (mac64[arm] - Darwin 24.6.0 24G90)

CPU model: Apple M3
Thread count: 8 physical cores, 8 logical processors, using up to 2 threads

Non-default parameters:
Threads  2

Optimize a model with 1 rows, 25 columns and 25 nonzeros
Model fingerprint: 0xc5325f9d
Variable types: 0 continuous, 25 integer (0 binary)
Coefficient statistics:
  Matrix range     [2e+01, 1e+02]
  Objective range  [1e+03, 1e+04]
  Bounds range     [0e+00, 0e+00]
  RHS range        [2e+03, 2e+03]
Found heuristic solution: objective 183960.00000
Presolve removed 1 rows and 25 columns
Presolve time: 0.00s
Presolve: All rows and columns removed

Explored 0 nodes (0 simplex iterations) in 0.00 seconds (0.00 work units)
Thread count was 1 (of 8 available processors)

Solution count 2: 509925 183960 

Optimal solution found (tolerance 1.00e-04)
Best objective 5.099250000000e+05, best bound 5.099250000000e+05, gap 0.0000%
509925.0
C0 -0.0
C1 -0.0
C2 -0.0
C3 -0.0
C4 0.0
C5 -0.0
C6 -0.0
C7 -0.0
C8 -0.0
C9 75.0
C10 -0.0
C11 -0.0
C12 -0.0
C13 0.0
C14 -0.0
C15 -0.0
C16 0.0
C17 -0.0
C18 -0.0
C19 -0.0
C20 -0.0
C21 -0.0
C22 -0.0
C23 -0.0
C24 -0.0
Optimal objective: 509925.0
Optimal solution: [('C0', -0.0), ('C1', -0.0), ('C2', -0.0), ('C3', -0.0), ('C4', 0.0), ('C5', -0.0), ('C6', -0.0), ('C7', -0.0), ('C8', -0.0), ('C9', 75.0), ('C10', -0.0), ('C11', -0.0), ('C12', -0.0), ('C13', 0.0), ('C14', -0.0), ('C15', -0.0), ('C16', 0.0), ('C17', -0.0), ('C18', -0.0), ('C19', -0.0), ('C20', -0.0), ('C21', -0.0), ('C22', -0.0), ('C23', -0.0), ('C24', -0.0)]
