import gurobipy as gp
from gurobipy import GRB

# Data
products = [
    'Baguette',
    'Croissant',
    'Sourdough',
    'Rye Bread',
    'Brioche',
    'Focaccia',
    'Ciabatta',
    'Pita',
    'Bagel',
    'English Muffin'
]

profit = {
    'Baguette': 888,
    'Croissant': 134,
    'Sourdough': 129,
    'Rye Bread': 370,
    'Brioche': 921,
    'Focaccia': 765,
    'Ciabatta': 154,
    'Pita': 837,
    'Bagel': 584,
    'English Muffin': 365
}

weight = {
    'Baguette': 4,
    'Croissant': 2,
    'Sourdough': 4,
    'Rye Bread': 3,
    'Brioche': 2,
    'Focaccia': 1,
    'Ciabatta': 2,
    'Pita': 1,
    'Bagel': 3,
    'English Muffin': 3
}

capacity = 180

# Validate data coverage
if set(profit.keys()) != set(products):
    raise ValueError("Profit data missing for some products.")
if set(weight.keys()) != set(products):
    raise ValueError("Weight data missing for some products.")

# Model
m = gp.Model('Bakery_Order')
x = m.addVars(products, lb=0, vtype=GRB.INTEGER, name='x')

# Objective
m.setObjective(gp.quicksum(profit[p] * x[p] for p in products), GRB.MAXIMIZE)

# Constraint: storage capacity
m.addConstr(gp.quicksum(weight[p] * x[p] for p in products) <= capacity, name='storage')

# Set MIPGap
m.Params.MIPGap = 1e-4

# Optimize
m.optimize()

if m.Status == GRB.OPTIMAL:
    print(f'ObjVal: {m.ObjVal}')
    for var in m.getVars():
        print(f'{var.VarName}: {var.X}')
else:
    print(f'Solver status: {m.Status}')
Set parameter MIPGap to value 0.0001
Gurobi Optimizer version 12.0.1 build v12.0.1rc0 (mac64[arm] - Darwin 24.6.0 24G90)

CPU model: Apple M3
Thread count: 8 physical cores, 8 logical processors, using up to 8 threads

Optimize a model with 1 rows, 10 columns and 10 nonzeros
Model fingerprint: 0x72fa128d
Variable types: 0 continuous, 10 integer (0 binary)
Coefficient statistics:
  Matrix range     [1e+00, 4e+00]
  Objective range  [1e+02, 9e+02]
  Bounds range     [0e+00, 0e+00]
  RHS range        [2e+02, 2e+02]
Found heuristic solution: objective 39960.000000
Presolve removed 1 rows and 10 columns
Presolve time: 0.00s
Presolve: All rows and columns removed

Explored 0 nodes (0 simplex iterations) in 0.00 seconds (0.00 work units)
Thread count was 1 (of 8 available processors)

Solution count 2: 150660 39960 

Optimal solution found (tolerance 1.00e-04)
Best objective 1.506600000000e+05, best bound 1.506600000000e+05, gap 0.0000%
ObjVal: 150660.0
C0: -0.0
C1: -0.0
C2: -0.0
C3: -0.0
C4: -0.0
C5: -0.0
C6: -0.0
C7: 180.0
C8: -0.0
C9: -0.0
Optimal objective: 150660.0
Optimal solution: [('C0', -0.0), ('C1', -0.0), ('C2', -0.0), ('C3', -0.0), ('C4', -0.0), ('C5', -0.0), ('C6', -0.0), ('C7', 180.0), ('C8', -0.0), ('C9', -0.0)]
